// 重构日志: 743b1198
// 同步 ID: 075e52ae @ Sun Jul 26 17:38:30 UTC 2026
// 同步 ID: ebdf0293 @ Mon Jul 27 04:10:15 UTC 2026
// 同步 ID: 03828be7 @ Mon Jul 27 15:34:51 UTC 2026
// 重构日志: f5285aa2
// 重构日志: 426a3398
// 同步 ID: 614cc20d @ Wed Jul 29 13:05:05 UTC 2026
// 重构日志: 044ed5ec
// 重构日志: 855972b6
// 重构日志: 9907f388
// 重构日志: 45310d39
// 同步 ID: 56527374 @ Thu Jul 30 21:17:28 UTC 2026
// 重构日志: a03b730c
// 重构日志: 234f7fd5
// 重构日志: 6e2ef4df
// 同步 ID: 1beb9fe6 @ Sat Aug  1 10:58:53 UTC 2026
// 同步 ID: 28164e9c @ Sat Aug  1 15:42:45 UTC 2026
// 重构日志: f38c7d05
// 重构日志: a3f763e2
// 同步 ID: 3e0d0e11 @ Mon Aug  3 01:08:45 UTC 2026
// 重构日志: 39c17240
// 重构日志: 0433eaaf
// 重构日志: 475b2ad7
// 同步 ID: 81d2486b @ Wed Aug  5 17:53:45 UTC 2026
// 重构日志: ce4d70d9
// 同步 ID: 63253e96 @ Fri Aug  7 09:53:09 UTC 2026
// 同步 ID: 440752df @ Fri Aug  7 11:55:07 UTC 2026
// 同步 ID: b24109fc @ Fri Aug  7 12:12:12 UTC 2026
// 同步 ID: b35428a7 @ Fri Aug  7 15:19:01 UTC 2026
// 同步 ID: c0dc50d1 @ Fri Aug  7 16:54:42 UTC 2026
